I'm sorry, but errors were detected in your script. Please correct the
errors listed below, and try again.


File "game/script.rpy", line 210: choice menuitem expects a non-empty block.
    "Keep running away.":
                         ^

Ren'Py Version: Ren'Py 8.4.1.25072401
Mon Nov 17 14:26:12 2025
